!"SYSTOOLS"."ALTOBJ_INFO"!tab1.ixf!tab1.msg!
!"DB2INST1"."CNF_ASSET"!tab2.ixf!tab2.msg!
!"DB2INST1"."CNF_COUNT_UNIT"!tab3.ixf!tab3.msg!
!"DB2INST1"."CNF_DEPARTMENT"!tab4.ixf!tab4.msg!
!"DB2INST1"."CNF_DIVISION"!tab5.ixf!tab5.msg!
!"DB2INST1"."CNF_PROVINCE"!tab6.ixf!tab6.msg!
!"DB2INST1"."CNF_PROVINCE_AREA"!tab7.ixf!tab7.msg!
!"DB2INST1"."CNF_PROVINCE_DETAIL_ZONE"!tab8.ixf!tab8.msg!
!"DB2INST1"."CNF_PROVINCE_GROUP"!tab9.ixf!tab9.msg!
!"DB2INST1"."CNF_PROVINCE_ZONE"!tab10.ixf!tab10.msg!
!"DB2INST1"."CNF_PROVINCE_ZONE_TYPE"!tab11.ixf!tab11.msg!
!"DB2INST1"."CNF_SECTION"!tab12.ixf!tab12.msg!
!"DB2INST1"."CNF_SET_TIME"!tab13.ixf!tab13.msg!
!"DB2INST1"."CNF_STRATEGY_DETAIL"!tab14.ixf!tab14.msg!
!"DB2INST1"."CNF_TYPE_HUMAN"!tab15.ixf!tab15.msg!
!"DB2INST1"."CNF_WORKGROUP"!tab16.ixf!tab16.msg!
!"SYSTOOLS"."DB2LOOK_INFO"!tab17.ixf!tab17.msg!
!"DB2INST1"."DOCUMENTUPLOAD"!tab18.ixf!tab18.msg!
!"DB2INST1"."EXPLAIN_ARGUMENT"!tab19.ixf!tab19.msg!
!"DB2INST1"."EXPLAIN_DIAGNOSTIC"!tab20.ixf!tab20.msg!
!"DB2INST1"."EXPLAIN_DIAGNOSTIC_DATA"!tab21.ixf!tab21.msg!
!"DB2INST1"."EXPLAIN_INSTANCE"!tab22.ixf!tab22.msg!
!"DB2INST1"."EXPLAIN_OBJECT"!tab23.ixf!tab23.msg!
!"DB2INST1"."EXPLAIN_OPERATOR"!tab24.ixf!tab24.msg!
!"DB2INST1"."EXPLAIN_PREDICATE"!tab25.ixf!tab25.msg!
!"DB2INST1"."EXPLAIN_STATEMENT"!tab26.ixf!tab26.msg!
!"DB2INST1"."EXPLAIN_STREAM"!tab27.ixf!tab27.msg!
!"DB2INST1"."FN_BUDGET_AREA"!tab28.ixf!tab28.msg!
!"DB2INST1"."FN_BUDGET_CODE"!tab29.ixf!tab29.msg!
!"DB2INST1"."FN_BUDGET_CURRENT_TARGET"!tab30.ixf!tab30.msg!
!"DB2INST1"."FN_BUDGET_EXPENSE_TYPE"!tab31.ixf!tab31.msg!
!"DB2INST1"."FN_BUDGET_MASTER"!tab32.ixf!tab32.msg!
!"DB2INST1"."FN_BUDGET_OPERATION_AREA"!tab33.ixf!tab33.msg!
!"DB2INST1"."FN_BUDGET_PROCESS"!tab34.ixf!tab34.msg!
!"DB2INST1"."FN_BUDGET_PRODUCTIVITY_KEY"!tab35.ixf!tab35.msg!
!"DB2INST1"."FN_BUDGET_RELATED"!tab36.ixf!tab36.msg!
!"DB2INST1"."FN_BUDGET_RELATED_DETAIL"!tab37.ixf!tab37.msg!
!"DB2INST1"."FN_BUDGET_RETURN"!tab38.ixf!tab38.msg!
!"DB2INST1"."FN_BUDGET_SOURCE"!tab39.ixf!tab39.msg!
!"DB2INST1"."FN_BUDGET_TYPE"!tab40.ixf!tab40.msg!
!"DB2INST1"."FN_BUDGET_TYPE_DETAIL"!tab41.ixf!tab41.msg!
!"DB2INST1"."FN_CNF_BUDGET_TYPE"!tab42.ixf!tab42.msg!
!"DB2INST1"."FN_COST_RELATED"!tab43.ixf!tab43.msg!
!"DB2INST1"."FN_COST_RELATED_DETAIL"!tab44.ixf!tab44.msg!
!"DB2INST1"."FN_MONEY_DURING_YEAR"!tab45.ixf!tab45.msg!
!"DB2INST1"."FN_RECEIVE_FOR_WITHDRAW_REPLACE"!tab46.ixf!tab46.msg!
!"DB2INST1"."FN_RECEIVE_FOR_WITHDRAW_REPLACE_DETAIL"!tab47.ixf!tab47.msg!
!"DB2INST1"."FN_STRATEGY"!tab48.ixf!tab48.msg!
!"DB2INST1"."FN_STRATEGY2"!tab49.ixf!tab49.msg!
!"DB2INST1"."FN_TRANSFER_BUDGET"!tab50.ixf!tab50.msg!
!"DB2INST1"."FN_TRANSFER_BUDGET_CHANGE"!tab51.ixf!tab51.msg!
!"DB2INST1"."FN_TRANSFER_BUDGET_CHANGE_DETAIL"!tab52.ixf!tab52.msg!
!"DB2INST1"."FN_TRANSFER_BUDGET_PROVINCE"!tab53.ixf!tab53.msg!
!"DB2INST1"."FN_TRANSFER_BUDGET_TYPE"!tab54.ixf!tab54.msg!
!"DB2INST1"."FN_TRANSFER_WITHIN"!tab55.ixf!tab55.msg!
!"DB2INST1"."FN_TRANSFER_WITHIN_DETAIL"!tab56.ixf!tab56.msg!
!"DB2INST1"."FN_WITHDRAW_REPLACE"!tab57.ixf!tab57.msg!
!"DB2INST1"."FN_WITHDRAW_REPLACE_DETAIL"!tab58.ixf!tab58.msg!
!"SYSTOOLS"."HMON_ATM_INFO"!tab59.ixf!tab59.msg!
!"SYSTOOLS"."HMON_COLLECTION"!tab60.ixf!tab60.msg!
!"DB2INST1"."MT_PROJECT"!tab61.ixf!tab61.msg!
!"DB2INST1"."MT_PROJECT_DETAIL"!tab62.ixf!tab62.msg!
!"DB2INST1"."MT_STRATEGY"!tab63.ixf!tab63.msg!
!"SYSTOOLS"."POLICY"!tab64.ixf!tab64.msg!
!"SYSTOOLS"."STMG_DBSIZE_INFO"!tab65.ixf!tab65.msg!
!"DB2INST1"."T20110810_143158"!tab66.ixf!tab66.msg!
!"DB2INST1"."T20110810_143158_EXCEPTION"!tab67.ixf!tab67.msg!
!"DB2INST1"."T20110811_160759"!tab68.ixf!tab68.msg!
!"DB2INST1"."T20110811_160759_EXCEPTION"!tab69.ixf!tab69.msg!
!"DB2INST1"."T20110811_160855"!tab70.ixf!tab70.msg!
!"DB2INST1"."T20110811_160855_EXCEPTION"!tab71.ixf!tab71.msg!
!"DB2INST1"."T20110811_162557"!tab72.ixf!tab72.msg!
!"DB2INST1"."T20110811_162557_EXCEPTION"!tab73.ixf!tab73.msg!
!"DB2INST1"."USER"!tab74.ixf!tab74.msg!
!"DB2INST1"."USER_LOGFILE"!tab75.ixf!tab75.msg!
!"DB2INST1"."USER_TYPE_TITLE"!tab76.ixf!tab76.msg!
!"DB2INST1"."USERTYPE"!tab77.ixf!tab77.msg!
