!"SYSTOOLS"."ALTOBJ_INFO"!tab1.ixf!tab1.msg!
!"DB2INST1"."BUDGET_ADJUST"!tab2.ixf!tab2.msg!
!"DB2INST1"."BUDGET_AREA"!tab3.ixf!tab3.msg!
!"DB2INST1"."BUDGET_CURRENT_TARGET"!tab4.ixf!tab4.msg!
!"DB2INST1"."BUDGET_EDIT_COMMENT"!tab5.ixf!tab5.msg!
!"DB2INST1"."BUDGET_EXPENSE_TYPE"!tab6.ixf!tab6.msg!
!"DB2INST1"."BUDGET_MASTER"!tab7.ixf!tab7.msg!
!"DB2INST1"."BUDGET_OPERATION_AREA"!tab8.ixf!tab8.msg!
!"DB2INST1"."BUDGET_PROCESS"!tab9.ixf!tab9.msg!
!"DB2INST1"."BUDGET_PRODUCTIVITY_KEY"!tab10.ixf!tab10.msg!
!"DB2INST1"."BUDGET_SEND_REMARK"!tab11.ixf!tab11.msg!
!"DB2INST1"."BUDGET_TYPE_DETAIL"!tab12.ixf!tab12.msg!
!"DB2INST1"."CNF_ASSET"!tab13.ixf!tab13.msg!
!"DB2INST1"."CNF_BUDGET_TYPE"!tab14.ixf!tab14.msg!
!"DB2INST1"."CNF_CODE_TYPE"!tab15.ixf!tab15.msg!
!"DB2INST1"."CNF_COUNT_UNIT"!tab16.ixf!tab16.msg!
!"DB2INST1"."CNF_HUMAN"!tab17.ixf!tab17.msg!
!"DB2INST1"."CNF_NOTICE"!tab18.ixf!tab18.msg!
!"DB2INST1"."CNF_PROVINCE_CODE"!tab19.ixf!tab19.msg!
!"DB2INST1"."CNF_PROVINCE_GROUP"!tab20.ixf!tab20.msg!
!"DB2INST1"."CNF_PROVINCE_ZONE"!tab21.ixf!tab21.msg!
!"DB2INST1"."CNF_SECTION_CODE"!tab22.ixf!tab22.msg!
!"DB2INST1"."CNF_SET_TIME"!tab23.ixf!tab23.msg!
!"DB2INST1"."CNF_STRATEGY"!tab24.ixf!tab24.msg!
!"DB2INST1"."CNF_STRATEGY_DETAIL"!tab25.ixf!tab25.msg!
!"DB2INST1"."CNF_TYPE_HUMAN"!tab26.ixf!tab26.msg!
!"DB2INST1"."CNF_WORK_GROUP"!tab27.ixf!tab27.msg!
!"DB2INST1"."CONTACT_MESSAGES"!tab28.ixf!tab28.msg!
!"SYSTOOLS"."DB2LOOK_INFO"!tab29.ixf!tab29.msg!
!"DB2INST1"."DOCUMENTUPLOAD"!tab30.ixf!tab30.msg!
!"SYSTOOLS"."STMG_DBSIZE_INFO"!tab31.ixf!tab31.msg!
!"DB2INST1"."T20110613_145018"!tab32.ixf!tab32.msg!
!"DB2INST1"."T20110613_145018_EXCEPTION"!tab33.ixf!tab33.msg!
!"DB2INST1"."T20110624_133856"!tab34.ixf!tab34.msg!
!"DB2INST1"."T20110624_133856_EXCEPTION"!tab35.ixf!tab35.msg!
!"DB2INST1"."TESTUSER"!tab36.ixf!tab36.msg!
!"DB2INST1"."USER"!tab37.ixf!tab37.msg!
!"DB2INST1"."USERTYPE"!tab38.ixf!tab38.msg!
!"DB2INST1"."USER_LOGFILE"!tab39.ixf!tab39.msg!
!"DB2INST1"."USER_TYPE_TITLE"!tab40.ixf!tab40.msg!
!"DB2INST1"."WORKGROUP_SEND_CONFIRM"!tab41.ixf!tab41.msg!
